[2026-04-24 23:21:08,335][__main__][INFO] - Training started
[2026-04-24 23:21:08,337][__main__][INFO] - Pipeline Parameters:
pipeline:
  data:
    kaggle_competition: titanic
    raw_data_path: data/raw
    raw_file: train.csv
    processed_data_path: data/processed
    train_file: titanic-train.parquet
    test_file: titanic-test.parquet
    target_col: Survived
    test_size: 0.15
    random_state: 42
    rare_title_threshold: 10
    drop_cols:
    - Name
    - Ticket
    - Cabin
    - PassengerId
  model:
    models_path: models
    reports_path: reports
    cv_folds: 5
    scoring: roc_auc
    random_forest:
      n_estimators: 100
      max_depth: 6
      random_state: 42
    logistic_regression:
      max_iter: 1000
      random_state: 42

[2026-04-24 23:21:08,338][src.training.download_data][INFO] - Downloading Titanic dataset from Kaggle...
[2026-04-24 23:21:10,636][src.training.download_data][INFO] - Data saved to data/raw
[2026-04-24 23:21:10,637][src.training.process_data][INFO] - Loading raw data...
[2026-04-24 23:21:10,842][src.training.process_data][INFO] - Train: 757 rows | Test: 134 rows
[2026-04-24 23:21:10,843][src.training.train][INFO] - Loading processed data...
[2026-04-24 23:21:10,974][src.training.train][INFO] - Training random_forest with 5-fold CV...
[2026-04-24 23:21:15,017][src.training.train][INFO] - Model saved to models\random_forest.pkl
[2026-04-24 23:21:15,017][src.training.train][INFO] - Training logistic_regression with 5-fold CV...
[2026-04-24 23:21:17,579][src.training.train][INFO] - Model saved to models\logistic_regression.pkl
[2026-04-24 23:21:17,623][src.training.evaluate][INFO] - Evaluating random_forest...
[2026-04-24 23:21:17,735][src.training.evaluate][INFO] - Evaluating logistic_regression...
[2026-04-24 23:21:17,824][src.training.evaluate][INFO] - Evaluation report saved to reports\evaluation_report.json
[2026-04-24 23:21:17,825][__main__][INFO] - Training finished
